URL: http://localhost:5173/#/events/ev-1
TITLE: 活動報名
ARIA SNAPSHOT:
- link "活動報名":
  - /url: "#/events"
- link "我的票券":
  - /url: "#/tickets"
- button "登出"
- main:
  - heading "秋季音樂會 on_sale" [level=2]
  - paragraph: 截止 2026/11/8 13:24:00・保留 10 分鐘・4 席以上團體 10% off
  - combobox:
    - option "一般・NT$10,000・剩 60" [selected]
    - option "VIP・NT$20,000・剩 40・早鳥 10% 到 2026/10/16 13:24:00"
  - text: 舞台
  - button "A1"
  - button "A2"
  - button "A3"
  - button "A4"
  - button "A5"
  - button "A6"
  - button "A7"
  - button "A8"
  - button "A9"
  - button "A10"
  - button "B1"
  - button "B2"
  - button "B3"
  - button "B4"
  - button "B5"
  - button "B6"
  - button "B7"
  - button "B8"
  - button "B9"
  - button "B10"
  - button "C1"
  - button "C2"
  - button "C3"
  - button "C4"
  - button "C5"
  - button "C6"
  - button "C7"
  - button "C8"
  - button "C9"
  - button "C10"
  - button "D1"
  - button "D2"
  - button "D3"
  - button "D4"
  - button "D5"
  - button "D6"
  - button "D7"
  - button "D8"
  - button "D9"
  - button "D10"
  - button "E1"
  - button "E2"
  - button "E3"
  - button "E4"
  - button "E5"
  - button "E6"
  - button "E7"
  - button "E8"
  - button "E9"
  - button "E10"
  - button "F1"
  - button "F2"
  - button "F3"
  - button "F4"
  - button "F5"
  - button "F6"
  - button "F7"
  - button "F8"
  - button "F9"
  - button "F10"
  - button "G1"
  - button "G2"
  - button "G3"
  - button "G4"
  - button "G5"
  - button "G6"
  - button "G7"
  - button "G8"
  - button "G9"
  - button "G10"
  - button "H1"
  - button "H2"
  - button "H3"
  - button "H4"
  - button "H5"
  - button "H6"
  - button "H7"
  - button "H8"
  - button "H9"
  - button "H10"
  - button "I1"
  - button "I2"
  - button "I3"
  - button "I4"
  - button "I5"
  - button "I6"
  - button "I7"
  - button "I8"
  - button "I9"
  - button "I10"
  - button "J1"
  - button "J2"
  - button "J3"
  - button "J4"
  - button "J5"
  - button "J6"
  - button "J7"
  - button "J8"
  - button "J9"
  - button "J10"
  - button "保留 0 席" [disabled]
