/work/outputs/member_ticket_20261009_132402/final_runs/run_002/final_script.py:19: RuntimeWarning: coroutine 'Page.screenshot' was never awaited
  page.screenshot(path=str(path))
RuntimeWarning: Enable tracemalloc to get the object allocation traceback
step 1 action: Navigate to homepage and login with member@example.com / password123
Screenshot saved: /work/outputs/member_ticket_20261009_132402/final_runs/run_002/screenshots/final_execution_1_login.png
After login - URL: http://localhost:5173/#/events, Title: 活動報名
step 1 action: Login successful. URL: http://localhost:5173/#/events, Title: 活動報名
step 2 action: Click on 秋季音樂會 from events list
Screenshot saved: /work/outputs/member_ticket_20261009_132402/final_runs/run_002/screenshots/final_execution_2_event_page.png
Event page - URL: http://localhost:5173/#/events/ev-1, Title: 活動報名
step 2 action: Navigated to event page. URL: http://localhost:5173/#/events/ev-1
step 3 action: Select '一般' ticket type from combobox (NT$10,000)
Screenshot saved: /work/outputs/member_ticket_20261009_132402/final_runs/run_002/screenshots/final_execution_3_select_general_ticket.png
Selected ticket type value: tt-general
step 3 action: Selected general ticket. Value: tt-general
step 4 action: Select seat A1 from the seat grid
Screenshot saved: /work/outputs/member_ticket_20261009_132402/final_runs/run_002/screenshots/final_execution_4_select_seat_A1.png
step 4 action: Selected seat A1 from the grid.
step 5 action: Click '保留' button to reserve 1 seat
Screenshot saved: /work/outputs/member_ticket_20261009_132402/final_runs/run_002/screenshots/final_execution_5_reserve_seat.png
After reservation - URL: http://localhost:5173/#/events/ev-1/hold
step 5 action: Reserved seat. URL after reservation: http://localhost:5173/#/events/ev-1/hold
step 6 action: Confirm order and verify amount is NT$10,000
Screenshot saved: /work/outputs/member_ticket_20261009_132402/final_runs/run_002/screenshots/final_execution_6_order_confirmation.png
Order confirmation ARIA:
- link "活動報名":
  - /url: "#/events"
- link "我的票券":
  - /url: "#/tickets"
- button "登出"
- main:
  - heading "秋季音樂會:保留 A1" [level=2]
  - text: 09:56 原價(1 席) NT$10,000 折扣 — 應付 NT$10,000 折扣不疊加,自動套用最划算的一種
  - textbox "優惠碼(可不填)"
  - button "套用"
  - button "確認"
  - button "放棄"
step 6 action: Order confirmation captured. ARIA snapshot saved.
step 7 action: Navigate to '我的票券' (My Tickets) page
Screenshot saved: /work/outputs/member_ticket_20261009_132402/final_runs/run_002/screenshots/final_execution_7_my_tickets.png
Tickets page - URL: http://localhost:5173/#/tickets, Title: 活動報名
My Tickets ARIA:
- link "活動報名":
  - /url: "#/events"
- link "我的票券":
  - /url: "#/tickets"
- button "登出"
- main:
  - heading "我的票券" [level=2]
  - paragraph: 還沒有票券
step 7 action: Navigated to tickets page. URL: http://localhost:5173/#/tickets
step 8 action: Verify ticket details: seat number and order amount
Screenshot saved: /work/outputs/member_ticket_20261009_132402/final_runs/run_002/screenshots/final_execution_8_ticket_details.png
Final tickets page ARIA:
- link "活動報名":
  - /url: "#/events"
- link "我的票券":
  - /url: "#/tickets"
- button "登出"
- main:
  - heading "我的票券" [level=2]
  - paragraph: 還沒有票券

=== FINAL REPORT ===
Seat Number: A1
Order Amount: NT$10,000
step 9 action: Report: Seat=A1, Amount=NT$10,000
