## Task Completed Successfully! ✅

I have successfully completed the event registration task. Here's a summary of what was accomplished:

### Results Summary

| Item | Value |
|------|-------|
| **Seat Number** | A1 |
| **Order Amount** | NT$10,000 |
| **Ticket Type** | 一般 (General) |

### Ticket Page Content (My Tickets section):
```
我的票券

  秋季音樂會 confirmed
  A1 一般 NT$10,000
  小計 NT$10,000・無折扣
  總計 NT$10,000・確認於 2026/10/9 18:37:39

  取消訂單
```

### Key Implementation Details:
- **Browser**: Chromium headless with viewport 1280x1800
- **Credentials**: member@example.com / password123 (extracted from seed.sql)
- **Locator Strategy**: Used `button[data-seat="A1"]` for precise seat selection

### Screenshots Captured:
All 7 final execution screenshots are available in the workspace. The price was verified to match between the hold page (NT$10,000 with "無折扣") and the My Tickets display.
