Traceback (most recent call last):
  File "<stdin>", line 20, in <module>
  File "/usr/lib/python3.11/asyncio/runners.py", line 190, in run
    return runner.run(main)
           ^^^^^^^^^^^^^^^^
  File "/usr/lib/python3.11/asyncio/runners.py", line 118, in run
    return self._loop.run_until_complete(task)
           ^^^^^^^^^^^^^^^^^^^^^^^^^^^^^^^^^^^
  File "/usr/lib/python3.11/asyncio/base_events.py", line 653, in run_until_complete
    return future.result()
           ^^^^^^^^^^^^^^^
  File "<stdin>", line 11, in main
  File "<webwright>/.venv/lib/python3.11/site-packages/playwright/async_api/_generated.py", line 18058, in click
    await self._impl_obj.click(
  File "<webwright>/.venv/lib/python3.11/site-packages/playwright/_impl/_locator.py", line 165, in click
    return await self._frame._click(self._selector, strict=True, **params)
           ^^^^^^^^^^^^^^^^^^^^^^^^^^^^^^^^^^^^^^^^^^^^^^^^^^^^^^^^^^^^^^^
  File "<webwright>/.venv/lib/python3.11/site-packages/playwright/_impl/_frame.py", line 594, in _click
    await self._channel.send("click", self._timeout, locals_to_params(locals()))
  File "<webwright>/.venv/lib/python3.11/site-packages/playwright/_impl/_connection.py", line 76, in send
    return await self._connection.wrap_api_call(
           ^^^^^^^^^^^^^^^^^^^^^^^^^^^^^^^^^^^^^
  File "<webwright>/.venv/lib/python3.11/site-packages/playwright/_impl/_connection.py", line 632, in wrap_api_call
    raise rewrite_error(error, f"{parsed_st['apiName']}: {error}") from None
playwright._impl._errors.Error: Locator.click: Error: strict mode violation: get_by_role("button", name="登入") resolved to 2 elements:
    1) <button name="act" value="login" class="btn btn-primary flex-1">登入</button> aka get_by_role("button", name="登入", exact=True)
    2) <button name="act" value="register" class="btn flex-1">註冊並登入</button> aka get_by_role("button", name="註冊並登入")

Call log:
  - waiting for get_by_role("button", name="登入")

