URL after event click: http://localhost:5173/#/events/ev-1
BODY TEXT:
活動報名
我的票券
登出
秋季音樂會 on_sale

截止 2026/11/9 05:51:55・保留 10 分鐘・4 席以上團體 10% off

一般・NT$10,000・剩 60
VIP・NT$20,000・剩 40・早鳥 10% 到 2026/10/17 05:51:55
舞台
A1
A2
A3
A4
A5
A6
A7
A8
A9
A10
B1
B2
B3
B4
B5
B6
B7
B8
B9
B10
C1
C2
C3
C4
C5
C6
C7
C8
C9
C10
D1
D2
D3
D4
D5
D6
D7
D8
D9
D10
E1
E2
E3
E4
E5
E6
E7
E8
E9
E10
F1
F2
F3
F4
F5
F6
F7
F8
F9
F10
G1
G2
G3
G4
G5
G6
G7
G8
G9
G10
H1
H2
H3
H4
H5
H6
H7
H8
H9
H10
I1
I2
I3
I4
I5
I6
I7
I8
I9
I10
J1
J2
J3
J4
J5
J6
J7
J8
J9
J10
保留 0 席
ARIA:
- link "活動報名":
  - /url: "#/events"
- link "我的票券":
  - /url: "#/tickets"
- button "登出"
- main:
  - heading "秋季音樂會 on_sale" [level=2]
  - paragraph: 截止 2026/11/9 05:51:55・保留 10 分鐘・4 席以上團體 10% off
  - combobox:
    - option "一般・NT$10,000・剩 60" [selected]
    - option "VIP・NT$20,000・剩 40・早鳥 10% 到 2026/10/17 05:51:55"
  - text: 舞台
  - button "A1"
  - button "A2"
  - button "A3"
  - button "A4"
  - button "A5"
  - button "A6"
  - button "A7"
  - button "A8"
  - button "A9"
  - button "A10"
  - button "B1"
  - button "B2"
  - button "B3"
  - button "B4"
  - button "B5"
  - button "B6"
  - button "B7"
  - button "B8"
  - button "B9"
  - button "B10"
  - button "C1"
  - button "C2"
  - button "C3"
  - button "C4"
  - button "C5"
  - button "C6"
  - button "C7"
  - button "C8"
  - button "C9"
  - button "C10"
  - button "D1"
  - button "D2"
  - button "D3"
  - button "D4"
  - button "D5"
  - button "D6"
  - button "D7"
  - button "D8"
  - button "D9"
  - button "D10"
  - button "E1"
  - button "E2"
  - button "E3"
  - button "E4"
  - button "E5"
  - button "E6"
  - button "E7"
  - button "E8"
  - button "E9"
  - button "E10"
  - button "F1"
  - button "F2"
  - button "F3"
  - button "F4"
  - button "F5"
  - button "F6"
  - button "F7"
  - button "F8"
  - button "F9"
  - button "F10"
  - button "G1"
  - button "G2"
  - button "G3"
  - button "G4"
  - button "G5"
  - button "G6"
  - button "G7"
  - button "G8"
  - button "G9"
  - button "G10"
  - button "H1"
  - button "H2"
  - button "H3"
  - button "H4"
  - button "H5"
  - button "H6"
  - button "H7"
  - button "H8"
  - button "H9"
  - button "H10"
  - button "I1"
  - button "I2"
  - button "I3"
  - button "I4"
  - button "I5"
  - button "I6"
  - button "I7"
  - button "I8"
  - button "I9"
  - button "I10"
  - button "J1"
  - button "J2"
  - button "J3"
  - button "J4"
  - button "J5"
  - button "J6"
  - button "J7"
  - button "J8"
  - button "J9"
  - button "J10"
  - button "保留 0 席" [disabled]
