== A
  90000 平手 total ours=90000 ai=90000  applied ours=promo ai=promo
  89999    total ours=89999 ai=89999  applied ours=early_bird ai=early_bird
  promo > 應付 total ours=0 ai=0  applied ours=promo ai=promo
  未達團體門檻   total ours=300000 ai=300000  applied ours=none ai=none
  fuzz 20000:total 不同 12 組(最大差 1 分);套用種類不同 0 組(其中 total 相同 0 組) {"o":{"unit_price_cents":24345,"qty":7,"early_bird_pct":0,"group_min_qty":4,"group_pct":10,"promo_cents":12000},"ours":153374,"ai":153373}
== B
  90000 平手 total ours=90000 ai=90000  applied ours=promo ai=early_bird
  89999    total ours=89999 ai=89999  applied ours=early_bird ai=early_bird
  promo > 應付 total ours=0 ai=0  applied ours=promo ai=promo
  未達團體門檻   total ours=300000 ai=300000  applied ours=none ai=none
  fuzz 20000:total 不同 12 組(最大差 1 分);套用種類不同 0 組(其中 total 相同 0 組) {"o":{"unit_price_cents":24345,"qty":7,"early_bird_pct":0,"group_min_qty":4,"group_pct":10,"promo_cents":12000},"ours":153374,"ai":153373}
== C
  90000 平手 total ours=90000 ai=90000  applied ours=promo ai=promo
  89999    total ours=89999 ai=89999  applied ours=early_bird ai=early_bird
  promo > 應付 total ours=0 ai=0  applied ours=promo ai=promo
  未達團體門檻   total ours=300000 ai=300000  applied ours=none ai=none
  fuzz 20000:total 不同 12 組(最大差 1 分);套用種類不同 0 組(其中 total 相同 0 組) {"o":{"unit_price_cents":24345,"qty":7,"early_bird_pct":0,"group_min_qty":4,"group_pct":10,"promo_cents":12000},"ours":153374,"ai":153373}
A: 平手 2000 組,套用種類跟作者不同 0 組 {}
B: 平手 2000 組,套用種類跟作者不同 1291 組 {"promo→early_bird":1291}
C: 平手 2000 組,套用種類跟作者不同 0 組 {}
