Script updated
step 1 action: Login with member@example.com / password123
step 1 action: Logged in successfully. URL: http://localhost:5173/#/events
step 2 action: Navigate to events list page
step 2 action: Events list loaded. URL: http://localhost:5173/#/events
step 3 action: Click on 秋季音樂會 event link to enter event detail
step 3 action: Existing hold detected. Clicking 放棄 to cancel it.
step 3 action: Event detail page loaded. URL: http://localhost:5173/#/events/ev-1
step 4 action: Select 一般 ticket (NT$10,000) and click seat B1 to reserve
step 4 action: Seat B1 selected. Reservation button now shows '保留 1 席'.
step 5 action: Reservation page loaded. URL: http://localhost:5173/#/events/ev-1/hold
step 5 action: Click 確認 button to confirm the order
step 5 action: Order confirmed. URL: http://localhost:5173/#/tickets
step 6 action: Navigate to 我的票券 (my tickets) page
step 6 action: Tickets page loaded. URL: http://localhost:5173/#/tickets
step 7 action: Extract seat number, order amount, and ticket details from tickets page
step 7 action: Tickets page ARIA snapshot:
- link "活動報名":
  - /url: "#/events"
- link "我的票券":
  - /url: "#/tickets"
- button "登出"
- main:
  - heading "我的票券" [level=2]
  - heading "秋季音樂會 confirmed" [level=3]
  - paragraph: B1 一般 NT$10,000
  - paragraph: 小計 NT$10,000・無折扣
  - paragraph: 總計 NT$10,000・確認於 2026/10/9 13:01:30
  - button "取消訂單"
step 7 action: Final state - URL: http://localhost:5173/#/tickets, Title: 活動報名

=== FINAL ARIA SNAPSHOT ===
- link "活動報名":
  - /url: "#/events"
- link "我的票券":
  - /url: "#/tickets"
- button "登出"
- main:
  - heading "我的票券" [level=2]
  - heading "秋季音樂會 confirmed" [level=3]
  - paragraph: B1 一般 NT$10,000
  - paragraph: 小計 NT$10,000・無折扣
  - paragraph: 總計 NT$10,000・確認於 2026/10/9 13:01:30
  - button "取消訂單"

Log written to /work/outputs/member_ticket_20261009_125205/final_runs/run_001/final_script_log.txt
