Script updated
step 1 action: Login with member@example.com / password123
step 1 action: Logged in successfully. URL: http://localhost:5173/#/events
step 2 action: Navigate to events list page
step 2 action: Events list loaded. URL: http://localhost:5173/#/events
step 3 action: Click on 秋季音樂會 event link to enter event detail
step 3 action: Event detail page loaded. URL: http://localhost:5173/#/events/ev-1/hold
step 4 action: Select 一般 ticket (NT$10,000) and click seat A1 to reserve
Traceback (most recent call last):
  File "/work/outputs/member_ticket_20261009_125205/final_script.py", line 98, in <module>
    asyncio.run(main())
  File "/usr/lib/python3.11/asyncio/runners.py", line 190, in run
    return runner.run(main)
           ^^^^^^^^^^^^^^^^
  File "/usr/lib/python3.11/asyncio/runners.py", line 118, in run
    return self._loop.run_until_complete(task)
           ^^^^^^^^^^^^^^^^^^^^^^^^^^^^^^^^^^^
  File "/usr/lib/python3.11/asyncio/base_events.py", line 653, in run_until_complete
    return future.result()
           ^^^^^^^^^^^^^^^
  File "/work/outputs/member_ticket_20261009_125205/final_script.py", line 52, in main
    await page.click('button:has-text("A1")')
  File "<webwright>/.venv/lib/python3.11/site-packages/playwright/async_api/_generated.py", line 11067, in click
    await self._impl_obj.click(
  File "<webwright>/.venv/lib/python3.11/site-packages/playwright/_impl/_page.py", line 889, in click
    return await self._main_frame._click(**locals_to_params(locals()))
           ^^^^^^^^^^^^^^^^^^^^^^^^^^^^^^^^^^^^^^^^^^^^^^^^^^^^^^^^^^^
  File "<webwright>/.venv/lib/python3.11/site-packages/playwright/_impl/_frame.py", line 594, in _click
    await self._channel.send("click", self._timeout, locals_to_params(locals()))
  File "<webwright>/.venv/lib/python3.11/site-packages/playwright/_impl/_connection.py", line 76, in send
    return await self._connection.wrap_api_call(
           ^^^^^^^^^^^^^^^^^^^^^^^^^^^^^^^^^^^^^
  File "<webwright>/.venv/lib/python3.11/site-packages/playwright/_impl/_connection.py", line 632, in wrap_api_call
    raise rewrite_error(error, f"{parsed_st['apiName']}: {error}") from None
playwright._impl._errors.TimeoutError: Page.click: Timeout 30000ms exceeded.
Call log:
  - waiting for locator("button:has-text(\"A1\")")

