final_runs/run_001:
final_script_log.txt
screenshots
self_reflect_result.json

final_runs/run_001/screenshots:
final_execution_1_login.png
final_execution_2_events_list.png
final_execution_3_event_detail.png
final_execution_4_seat_selected.png
final_execution_5_reservation_page.png
final_execution_6_order_confirmed.png
final_execution_7_my_tickets.png
  - paragraph: 小計 NT$10,000・無折扣
  - paragraph: 總計 NT$10,000・確認於 2026/10/9 13:01:30
  - button "取消訂單"
step 7 action: Final state - URL: http://localhost:5173/#/tickets, Title: 活動報名

=== FINAL ARIA SNAPSHOT ===
- link "活動報名":
  - /url: "#/events"
- link "我的票券":
  - /url: "#/tickets"
- button "登出"
- main:
  - heading "我的票券" [level=2]
  - heading "秋季音樂會 confirmed" [level=3]
  - paragraph: B1 一般 NT$10,000
  - paragraph: 小計 NT$10,000・無折扣
  - paragraph: 總計 NT$10,000・確認於 2026/10/9 13:01:30
  - button "取消訂單"

Log written to /work/outputs/member_ticket_20261009_125205/final_runs/run_001/final_script_log.txt
