Traceback (most recent call last):
  File "<stdin>", line 35, in <module>
  File "/usr/lib/python3.11/asyncio/runners.py", line 190, in run
    return runner.run(main)
           ^^^^^^^^^^^^^^^^
  File "/usr/lib/python3.11/asyncio/runners.py", line 118, in run
    return self._loop.run_until_complete(task)
           ^^^^^^^^^^^^^^^^^^^^^^^^^^^^^^^^^^^
  File "/usr/lib/python3.11/asyncio/base_events.py", line 653, in run_until_complete
    return future.result()
           ^^^^^^^^^^^^^^^
  File "<stdin>", line 22, in main
  File "<webwright>/.venv/lib/python3.11/site-packages/playwright/async_api/_generated.py", line 12276, in select_option
    await self._impl_obj.select_option(
  File "<webwright>/.venv/lib/python3.11/site-packages/playwright/_impl/_page.py", line 1075, in select_option
    return await self._main_frame.select_option(**params)
           ^^^^^^^^^^^^^^^^^^^^^^^^^^^^^^^^^^^^^^^^^^^^^^
  File "<webwright>/.venv/lib/python3.11/site-packages/playwright/_impl/_frame.py", line 815, in select_option
    return await self._channel.send("selectOption", self._timeout, params)
           ^^^^^^^^^^^^^^^^^^^^^^^^^^^^^^^^^^^^^^^^^^^^^^^^^^^^^^^^^^^^^^^
  File "<webwright>/.venv/lib/python3.11/site-packages/playwright/_impl/_connection.py", line 76, in send
    return await self._connection.wrap_api_call(
           ^^^^^^^^^^^^^^^^^^^^^^^^^^^^^^^^^^^^^
  File "<webwright>/.venv/lib/python3.11/site-packages/playwright/_impl/_connection.py", line 632, in wrap_api_call
    raise rewrite_error(error, f"{parsed_st['apiName']}: {error}") from None
playwright._impl._errors.TimeoutError: Page.select_option: Timeout 30000ms exceeded.
Call log:
  - waiting for locator("select")
    - locator resolved to <select id="tt" class="select w-full mb-3">…</select>
  - attempting select option action
    2 × waiting for element to be visible and enabled
      - did not find some options
    - retrying select option action
    - waiting 20ms
    2 × waiting for element to be visible and enabled
      - did not find some options
    - retrying select option action
      - waiting 100ms
    59 × waiting for element to be visible and enabled
       - did not find some options
     - retrying select option action
       - waiting 500ms

